
> frontend@0.0.0 build
> tsc -b && vite build

src/pages/admin/HabitacionesAdminPage.tsx(7,39): error TS6133: 'Sparkles' is declared but its value is never read.
src/pages/admin/HabitacionesAdminPage.tsx(260,12): error TS2304: Cannot find name 'Sliders'.
src/pages/admin/HabitacionesAdminPage.tsx(478,26): error TS2304: Cannot find name 'Check'.
src/pages/admin/HabitacionesAdminPage.tsx(501,32): error TS2304: Cannot find name 'Trash2'.
src/pages/admin/HabitacionesAdminPage.tsx(506,29): error TS2607: JSX element class does not support attributes because it does not have a 'props' property.
src/pages/admin/HabitacionesAdminPage.tsx(506,30): error TS2786: 'Image' cannot be used as a JSX component.
  Its type 'new (width?: number | undefined, height?: number | undefined) => HTMLImageElement' is not a valid JSX element type.
    Type 'new (width?: number | undefined, height?: number | undefined) => HTMLImageElement' is not assignable to type 'new (props: any, context: any) => Component<any, any, any>'.
      Type 'HTMLImageElement' is missing the following properties from type 'Component<any, any, any>': context, setState, forceUpdate, render, and 2 more.
src/pages/admin/HabitacionesAdminPage.tsx(564,30): error TS2304: Cannot find name 'UploadCloud'.
src/pages/admin/ReservasAdminPage.tsx(291,12): error TS2304: Cannot find name 'ShieldAlert'.
src/pages/admin/ServiciosAdminPage.tsx(7,36): error TS6133: 'Check' is declared but its value is never read.
